// Jest Snapshot v1, https://goo.gl/fbAQLP

exports[`components <OutSideClickHandler /> should render and match the snapshot 1`] = `
<div>
  <div />
</div>
`;
